[dotenv@17.2.3] injecting env (4) from .env -- tip: 🔐 encrypt with Dotenvx: https://dotenvx.com
[DB] Zinc Positions table ready
TAlgo-X Started | ZINCMINIAPRFUT | 1 lot | 07:40:11
[DB] No open position found - starting fresh
[WS] Connected  |  ZINCMINIAPRFUT  |  57593607
[dotenv@17.2.3] injecting env (4) from .env -- tip: ⚙️  specify custom .env file path with { path: '/custom/path/.env' }
[DB] Zinc Positions table ready
TAlgo-X Started | ZINCMINIAPRFUT | 1 lot | 07:50:56
[DB] No open position found - starting fresh
[WS] Connected  |  ZINCMINIAPRFUT  |  57593607
[dotenv@17.2.3] injecting env (4) from .env -- tip: ⚙️  specify custom .env file path with { path: '/custom/path/.env' }
[DB] Zinc Positions table ready
TAlgo-X Started | ZINCMINIAPRFUT | 1 lot | 07:56:28
[DB] No open position found - starting fresh
[WS] Connected  |  ZINCMINIAPRFUT  |  57593607
[dotenv@17.2.3] injecting env (4) from .env -- tip: ✅ audit secrets and track compliance: https://dotenvx.com/ops
[DB] Zinc Positions table ready
TAlgo-X Started | ZINCMINIAPRFUT | 1 lot | 07:57:43
[DB] No open position found - starting fresh
[WS] Connected  |  ZINCMINIAPRFUT  |  57593607
[dotenv@17.2.3] injecting env (4) from .env -- tip: 📡 add observability to secrets: https://dotenvx.com/ops
[DB] Zinc Positions table ready
TAlgo-X Started | ZINCMINIAPRFUT | 1 lot | 09:17:03
[DB] No open position found - starting fresh
[WS] Connected  |  ZINCMINIAPRFUT  |  57593607
[dotenv@17.2.3] injecting env (4) from .env -- tip: ⚙️  write to custom object with { processEnv: myObject }
[DB] Zinc Positions table ready
TAlgo-X Started | ZINCMINIAPRFUT | 1 lot | 17:51:05
[DB] No open position found - starting fresh
[WS] Connected  |  ZINCMINIAPRFUT  |  57593607
[dotenv@17.2.3] injecting env (4) from .env -- tip: ⚙️  write to custom object with { processEnv: myObject }
[DB] Zinc Positions table ready
TAlgo-X Started | ZINCMINIAPRFUT | 1 lot | 18:08:17
[DB] No open position found - starting fresh
[WS] Connected  |  ZINCMINIAPRFUT  |  57593607
[dotenv@17.2.3] injecting env (4) from .env -- tip: 🔄 add secrets lifecycle management: https://dotenvx.com/ops
[DB] Zinc Positions table ready
TAlgo-X Started | ZINCMINIAPRFUT | 1 lot | 18:12:36
[DB] No open position found - starting fresh
[WS] Connected  |  ZINCMINIAPRFUT  |  57593607
[dotenv@17.2.3] injecting env (4) from .env -- tip: 📡 add observability to secrets: https://dotenvx.com/ops
[DB] Zinc Positions table ready
TAlgo-X Started | ZINCMINIAPRFUT | 1 lot | 18:24:30
[DB] No open position found - starting fresh
[WS] Connected  |  ZINCMINIAPRFUT  |  57593607
[dotenv@17.2.3] injecting env (4) from .env -- tip: ⚙️  override existing env vars with { override: true }
[DB] Zinc Positions table ready
TAlgo-X Started | ZINCMINIAPRFUT | 1 lot | 18:29:59
[DB] No open position found - starting fresh
[WS] Connected  |  ZINCMINIAPRFUT  |  57593607
[dotenv@17.2.3] injecting env (4) from .env -- tip: ⚙️  enable debug logging with { debug: true }
[DB] Zinc Positions table ready
TAlgo-X Started | ZINCMINIAPRFUT | 1 lot | 18:37:17
[DB] No open position found - starting fresh
[WS] Connected  |  ZINCMINIAPRFUT  |  57593607
[dotenv@17.2.3] injecting env (4) from .env -- tip: 🗂️ backup and recover secrets: https://dotenvx.com/ops
[DB] Zinc Positions table ready
TAlgo-X Started | ZINCMINIAPRFUT | 1 lot | 18:58:52
[DB] No open position found - starting fresh
[WS] Closed
[WS] Reconnect attempt 1  (1s)
[WS] Closed
[WS] Reconnect attempt 2  (2s)
[WS] Closed
[WS] Reconnect attempt 3  (4s)
[WS] Closed
[WS] Reconnect attempt 4  (8s)
[WS] Closed
[WS] Reconnect attempt 5  (16s)
[WS] Closed
[WS] Reconnect attempt 6  (32s)
[WS] Closed
[WS] Reconnect attempt 7  (60s)
[dotenv@17.2.3] injecting env (4) from .env -- tip: 🗂️ backup and recover secrets: https://dotenvx.com/ops
[DB] Zinc Positions table ready
TAlgo-X Started | ZINCMINIAPRFUT | 1 lot | 18:59:57
[DB] No open position found - starting fresh
[WS] Connected  |  ZINCMINIAPRFUT  |  57593607
[dotenv@17.2.3] injecting env (4) from .env -- tip: 🔐 encrypt with Dotenvx: https://dotenvx.com
[DB] Zinc Positions table ready
TAlgo-X Started | ZINCMINIAPRFUT | 1 lot | 19:07:28
[DB] No open position found - starting fresh
[WS] Connected  |  ZINCMINIAPRFUT  |  57593607
[dotenv@17.2.3] injecting env (4) from .env -- tip: 🔄 add secrets lifecycle management: https://dotenvx.com/ops
[DB] Zinc Positions table ready
TAlgo-X Started | ZINCMINIAPRFUT | 1 lot | 19:13:18
[DB] No open position found - starting fresh
[WS] Connected  |  ZINCMINIAPRFUT  |  57593607
[dotenv@17.2.3] injecting env (4) from .env -- tip: 🔄 add secrets lifecycle management: https://dotenvx.com/ops
[DB] Positions table ready
[DB] No open position — starting fresh
TAlgo-X Started | ZINCMINIAPRFUT | 1 lot | 19:31:33
[WS] Closed
[WS] Reconnect attempt 1 (1s)
[WS] Closed
[WS] Reconnect attempt 2 (2s)
[WS] Closed
[WS] Reconnect attempt 3 (4s)
[WS] Closed
[WS] Reconnect attempt 4 (8s)
[WS] Closed
[WS] Reconnect attempt 5 (16s)
[dotenv@17.2.3] injecting env (4) from .env -- tip: 🔐 prevent building .env in docker: https://dotenvx.com/prebuild
[DB] Positions table ready
[DB] No open position — starting fresh
TAlgo-X Started | ZINCMINIAPRFUT | 1 lot | 19:32:03
[WS] Connected | ZINCMINIAPRFUT | 57593607
[dotenv@17.2.3] injecting env (4) from .env -- tip: 🔑 add access controls to secrets: https://dotenvx.com/ops
[DB] Positions table ready
[DB] No open position — starting fresh

───────────────────────────────────────────────────────
  TAlgo-X  |  ZINCMINIAPRFUT  |  1 lot  |  20:52:06
───────────────────────────────────────────────────────

[WS] Connected | ZINCMINIAPRFUT | token: 57593607

───────────────────────────────────────────────────────
  Session Closed  |  ZINCMINIAPRFUT  |  Total: +0
───────────────────────────────────────────────────────

[dotenv@17.2.3] injecting env (4) from .env -- tip: ⚙️  load multiple .env files with { path: ['.env.local', '.env'] }
[DB] Positions table ready
[DB] No open position — starting fresh

───────────────────────────────────────────────────────
  TAlgo-X  |  ZINCMINIAPRFUT  |  1 lot  |  07:53:42
───────────────────────────────────────────────────────

[WS] Connected | ZINCMINIAPRFUT | token: 57593607
[dotenv@17.2.3] injecting env (4) from .env -- tip: ⚙️  enable debug logging with { debug: true }
[DB] Positions table ready
[DB] No open position — starting fresh

───────────────────────────────────────────────────────
  TAlgo-X  |  ZINCMINIAPRFUT  |  1 lot  |  08:35:53
───────────────────────────────────────────────────────

[WS] Connected | ZINCMINIAPRFUT | token: 57593607
[dotenv@17.2.3] injecting env (4) from .env -- tip: ⚙️  enable debug logging with { debug: true }
[dotenv@17.2.3] injecting env (4) from .env -- tip: ⚙️  load multiple .env files with { path: ['.env.local', '.env'] }
[dotenv@17.2.3] injecting env (4) from .env -- tip: ⚙️  enable debug logging with { debug: true }
[dotenv@17.2.3] injecting env (4) from .env -- tip: 🔐 prevent committing .env to code: https://dotenvx.com/precommit
[dotenv@17.2.3] injecting env (4) from .env -- tip: 🔐 prevent committing .env to code: https://dotenvx.com/precommit
[DB] Positions table ready
[DB] No open position — starting fresh
[HIST] Fetching last 36 x 1hr candles for ZINCMINIAPRFUT...

───────────────────────────────────────────────────────
  TAlgo-X  |  ZINCMINIAPRFUT  |  1 lot  |  08:48:51
───────────────────────────────────────────────────────

[WS] Connected | ZINCMINIAPRFUT | 57593607
[dotenv@17.2.3] injecting env (4) from .env -- tip: ⚙️  enable debug logging with { debug: true }
[DB] Positions table ready
[DB] No open position — starting fresh
[HIST] Fetching last 36 x 1hr candles for ZINCMINIAPRFUT...

───────────────────────────────────────────────────────
  TAlgo-X  |  ZINCMINIAPRFUT  |  1 lot  |  16:59:44
───────────────────────────────────────────────────────

[WS] Connected | ZINCMINIAPRFUT | 57593607
[dotenv@17.2.3] injecting env (4) from .env -- tip: ⚙️  enable debug logging with { debug: true }
Zinc Engine booting...
[DB] Zinc Positions table ready
WebSocket Connected
[PRELOAD] Fetching historical 1H candles for Zinc...
[PRELOAD] Loaded 60 candles

-- 6:00:00 pm --
19:00:13  316.85   FAST: 0
→ FAST SHORT PROBATION @ 316.85

-- 7:00:00 pm --
20:00:01  318.55   FAST: 0

-- 8:00:00 pm --
21:00:02  318.35   FAST: 0

-- 9:00:00 pm --
22:00:04  319.50   FAST: 0
→ FAST LONG PROBATION @ 319.50

-- 10:00:00 pm --
23:00:07  318.95   FAST: 0
→ FAST LONG ENTRY CONFIRMED @ 318.95
23:00 — Forcing close of position (EOD)
→ FAST LONG EXIT (EOD_FORCE) @ 318.95   PnL: 0
SESSION SUMMARY
Duration: 299m
PnL: 0
Positions saved to DB.
[dotenv@17.2.3] injecting env (4) from .env -- tip: 👥 sync secrets across teammates & machines: https://dotenvx.com/ops
Zinc Engine booting...
[DB] Zinc Positions table ready
WebSocket Connected
[PRELOAD] Fetching historical 1H candles for Zinc...
[PRELOAD] Loaded 59 candles

-- 7:00:00 am --
08:00:00  319.55   FAST: 0
→ FAST LONG PROBATION @ 319.55

-- 8:00:00 am --
09:00:01  320.40   FAST: 0
→ FAST LONG ENTRY CONFIRMED @ 320.40

-- 9:00:00 am --
10:00:07  320.40   FAST: 0

-- 10:00:00 am --
11:00:02  320.45   FAST: 50

-- 11:00:00 am --
12:00:06  319.75   FAST: -650
→ FAST LONG STOP (SL_FAST_ALMA) @ 319.75   PnL: -650

-- 12:00:00 pm --
13:00:12  319.00   FAST: -1400
→ FAST LONG STOP (SL_FAST_ALMA) @ 319.00   PnL: -1400

-- 1:00:00 pm --
14:00:11  318.60   FAST: -1800
→ FAST LONG STOP (SL_FAST_ALMA) @ 318.60   PnL: -1800

-- 2:00:00 pm --
15:00:08  319.10   FAST: -1300
→ FAST LONG STOP (SL_FAST_ALMA) @ 319.10   PnL: -1300

-- 3:00:00 pm --
16:00:05  320.55   FAST: 150

-- 4:00:00 pm --
17:00:01  321.10   FAST: 700
→ FAST LONG PROBATION @ 321.10

-- 5:00:00 pm --
18:00:05  320.55   FAST: 150
→ FAST LONG ENTRY CONFIRMED @ 320.55

-- 6:00:00 pm --
19:00:00  321.60   FAST: 1050

-- 7:00:00 pm --
20:00:03  321.20   FAST: 650

-- 8:00:00 pm --
21:00:00  323.75   FAST: 3200

-- 9:00:00 pm --
22:00:13  324.65   FAST: 4100

-- 10:00:00 pm --
23:00:07  324.90   FAST: 4350
23:00 — Forcing close of position (EOD)
→ FAST LONG EXIT (EOD_FORCE) @ 324.90   PnL: 4350
SESSION SUMMARY
Duration: 921m
PnL: -800
Positions saved to DB.
[dotenv@17.2.3] injecting env (4) from .env -- tip: ⚙️  override existing env vars with { override: true }
Zinc Engine booting...
[DB] Zinc Positions table ready
WebSocket Connected
[PRELOAD] Fetching historical 1H candles for Zinc...
[PRELOAD] Loaded 59 candles

-- 8:00:00 am --
09:00:00  325.25   FAST: 0
→ FAST LONG PROBATION @ 325.25

-- 9:00:00 am --
10:00:01  320.90   FAST: 0

-- 10:00:00 am --
11:00:01  322.30   FAST: 0

-- 11:00:00 am --
12:00:00  320.35   FAST: 0
→ FAST SHORT PROBATION @ 320.35

-- 12:00:00 pm --
13:00:04  321.45   FAST: 0
→ FAST SHORT ENTRY CONFIRMED @ 321.45

-- 1:00:00 pm --
14:00:04  321.60   FAST: -150

-- 2:00:00 pm --
15:00:03  321.65   FAST: -200

-- 3:00:00 pm --
16:00:07  322.50   FAST: -1050
→ FAST SHORT STOP (SL_FAST_ALMA) @ 322.50   PnL: -1050

-- 4:00:00 pm --
17:00:09  322.25   FAST: -800
→ FAST SHORT STOP (SL_FAST_ALMA) @ 322.25   PnL: -800

-- 5:00:00 pm --
18:00:06  321.80   FAST: -350

-- 6:00:00 pm --
19:00:25  322.30   FAST: -850
→ FAST SHORT STOP (SL_FAST_ALMA) @ 322.30   PnL: -850

-- 7:00:00 pm --
20:00:05  324.55   FAST: -3100
→ FAST SHORT STOP (SL_FAST_ALMA) @ 324.55   PnL: -3100
→ FAST LONG PROBATION @ 324.55
[dotenv@17.2.3] injecting env (4) from .env -- tip: ⚙️  write to custom object with { processEnv: myObject }
Zinc Engine booting...
[DB] Zinc Positions table ready
WebSocket Connected
[PRELOAD] Fetching historical 1H candles for Zinc...
[PRELOAD] Loaded 60 candles

-- 8:00:00 pm --
21:00:05  323.90   FAST: 0   State: GREEN
→ FAST LONG PROBATION @ 323.90

-- 9:00:00 pm --
22:00:04  323.30   FAST: 0   State: GREY
23:00 — Forcing close of position (EOD)

-- 10:00:00 pm --
23:00:12  323.15   FAST: 0   State: GREY
SESSION SUMMARY
Duration: 183m
PnL: 0
Positions saved to DB.
[dotenv@17.2.3] injecting env (4) from .env -- tip: ✅ audit secrets and track compliance: https://dotenvx.com/ops
Zinc Engine booting...
[DB] Zinc Positions table ready
WebSocket Connected
[PRELOAD] Fetching historical 1H candles for Zinc...
[PRELOAD] Loaded 52 candles

-- 7:00:00 am --
08:00:22  323.30   FAST: 0   State: GREY
[dotenv@17.2.3] injecting env (4) from .env -- tip: 👥 sync secrets across teammates & machines: https://dotenvx.com/ops
Zinc Engine booting...
[DB] Zinc Positions table ready
WebSocket Connected
[PRELOAD] Fetching historical 1H candles for Zinc...
[PRELOAD] Loaded 52 candles
[dotenv@17.2.3] injecting env (4) from .env -- tip: 🗂️ backup and recover secrets: https://dotenvx.com/ops
Zinc Engine booting...
[DB] Zinc Positions table ready
WebSocket Connected
[PRELOAD] Fetching historical 1H candles for Zinc...
[PRELOAD] Loaded 52 candles

-- 8:00:00 am --
09:00:01  323.30   FAST: 0   State: GREY

-- 9:00:00 am --
10:00:16  323.40   FAST: 0   State: GREY

-- 10:00:00 am --
11:00:02  324.30   FAST: 0   State: GREY

-- 11:00:00 am --
12:00:17  324.05   FAST: 0   State: GREY

-- 12:00:00 pm --
13:00:17  324.70   FAST: 0   State: GREEN
→ FAST LONG PROBATION @ 324.70

-- 1:00:00 pm --
14:00:17  324.95   FAST: 0   State: GREEN
→ FAST LONG ENTRY CONFIRMED @ 324.95

-- 2:00:00 pm --
15:00:17  325.40   FAST: 450   State: GREEN

-- 3:00:00 pm --
16:00:17  324.95   FAST: 0   State: GREEN

-- 4:00:00 pm --
17:00:17  324.75   FAST: -200   State: GREEN

-- 5:00:00 pm --
18:00:10  325.20   FAST: 250   State: GREY

-- 6:00:00 pm --
19:00:01  324.75   FAST: -200   State: GREY
→ FAST LONG STOP (SL_FAST_ALMA) @ 324.75   PnL: -200

-- 7:00:00 pm --
20:00:01  323.95   FAST: -1000   State: GREY
→ FAST LONG STOP (SL_FAST_ALMA) @ 323.95   PnL: -1000

-- 8:00:00 pm --
21:00:03  324.35   FAST: -600   State: GREY
→ FAST LONG STOP (SL_FAST_ALMA) @ 324.35   PnL: -600

-- 9:00:00 pm --
22:00:18  324.10   FAST: -850   State: GREY
→ FAST LONG STOP (SL_FAST_ALMA) @ 324.10   PnL: -850
23:00 — Forcing close of position (EOD)
→ FAST LONG EXIT (EOD_FORCE) @ 324.10   PnL: -850

-- 10:00:00 pm --
23:00:19  324.40   FAST: -550   State: GREY
→ FAST LONG STOP (SL_FAST_ALMA) @ 324.40   PnL: -550
SESSION SUMMARY
Duration: 866m
PnL: -4050
Positions saved to DB.
[dotenv@17.2.3] injecting env (4) from .env -- tip: 🔄 add secrets lifecycle management: https://dotenvx.com/ops
[dotenv@17.2.3] injecting env (4) from .env -- tip: ✅ audit secrets and track compliance: https://dotenvx.com/ops
[dotenv@17.2.3] injecting env (4) from .env -- tip: 👥 sync secrets across teammates & machines: https://dotenvx.com/ops
[dotenv@17.2.3] injecting env (4) from .env -- tip: ⚙️  load multiple .env files with { path: ['.env.local', '.env'] }
[dotenv@17.2.3] injecting env (4) from .env -- tip: ⚙️  override existing env vars with { override: true }
Zinc Engine booting...
[DB] Zinc Positions table ready
WS: Market closed (normal outside hours)
WebSocket Closed
WebSocket Reconnecting... Attempt 1
WS: Market closed (normal outside hours)
WebSocket Closed
WebSocket Reconnecting... Attempt 2
WS: Market closed (normal outside hours)
WebSocket Closed
WebSocket Reconnecting... Attempt 3
WS: Market closed (normal outside hours)
WebSocket Closed
WebSocket Reconnecting... Attempt 4
WS: Market closed (normal outside hours)
WebSocket Closed
WebSocket Reconnecting... Attempt 5
WS: Market closed (normal outside hours)
WebSocket Closed
WebSocket Reconnecting... Attempt 6
[dotenv@17.2.3] injecting env (4) from .env -- tip: ⚙️  suppress all logs with { quiet: true }
Zinc Engine booting...
[DB] Zinc Positions table ready
WebSocket Connected
[PRELOAD] Fetching historical 1H candles for Zinc...
[PRELOAD] Loaded 52 candles

-- 12:00:00 pm --
13:00:03  ₹327.95   FAST_UPnL: 0   State: GREEN
→ ENTRY LONG @ ₹327.95

-- 1:00:00 pm --
14:00:01  ₹329.25   FAST_UPnL: 1300   State: GREEN

-- 2:00:00 pm --
15:00:03  ₹331.00   FAST_UPnL: 3050   State: GREEN

-- 3:00:00 pm --
16:00:01  ₹330.65   FAST_UPnL: 2700   State: GREEN

-- 4:00:00 pm --
17:00:08  ₹330.15   FAST_UPnL: 2200   State: GREEN

-- 5:00:00 pm --
18:00:04  ₹330.95   FAST_UPnL: 3000   State: GREEN

-- 6:00:00 pm --
19:00:01  ₹330.85   FAST_UPnL: 2900   State: GREEN

-- 7:00:00 pm --
20:00:06  ₹329.35   FAST_UPnL: 1400   State: GREY
→ FAST LONG EXIT (FAST_REVERSAL) @ 329.35   PnL: 1400
→ EXIT (FAST_REVERSAL) @ ₹329.35  PnL: ₹1400

-- 8:00:00 pm --
21:00:03  ₹329.30   FAST_UPnL: 0   State: GREY

-- 9:00:00 pm --
22:00:05  ₹329.15   FAST_UPnL: 0   State: GREY

-- 10:00:00 pm --
23:00:00  ₹328.55   FAST_UPnL: 0   State: RED
→ ENTRY SHORT @ ₹328.55
23:00 — Forcing close of position (EOD)
→ FAST SHORT EXIT (EOD_FORCE) @ 328.55   PnL: 0
SESSION SUMMARY
Duration: 640m
PnL: 1400
Positions saved to DB.
[dotenv@17.2.3] injecting env (4) from .env -- tip: 🔐 prevent building .env in docker: https://dotenvx.com/prebuild

=== TAlgo-X ZINC STARTING ===
Time    : 8/4/2026, 8:09:36 am
Symbol  : ZINCMINIAPRFUT
Mode    : Paper Trading

[DB] Zinc Positions table ready
[WS] Connected
[Startup] Waiting until 8:45 AM... (35 minutes left)
[Startup] 8:45 AM reached → Starting preload
[Startup] Preloading historical candles now...
[PRELOAD] Fetching historical 1H candles for Zinc...
[PRELOAD] Loaded 80 candles | Ready for signals

=== SESSION STARTED ===
Time    : 8/4/2026, 8:45:00 am
Status  : Ready for Market Open (Paper Trading)


-- 8:00:00 am --
09:00:01  ₹331.75   FAST_UPnL: 0   State: GREY

-- 9:00:00 am --
10:00:00  ₹331.85   FAST_UPnL: 0   State: GREEN
→ ENTRY LONG @ ₹331.85

-- 10:00:00 am --
11:00:02  ₹331.95   FAST_UPnL: 100   State: GREEN

-- 11:00:00 am --
12:00:00  ₹332.65   FAST_UPnL: 800   State: GREEN

-- 12:00:00 pm --
13:00:01  ₹332.20   FAST_UPnL: 350   State: GREEN

-- 1:00:00 pm --
14:00:09  ₹329.50   FAST_UPnL: -2350   State: GREY
→ FAST LONG EXIT (MAX_LOSS) @ 329.50   PnL: -2350
→ EXIT (MAX_LOSS) @ ₹329.50  PnL: ₹-2350

-- 2:00:00 pm --
15:00:09  ₹330.30   FAST_UPnL: 0   State: GREY

-- 3:00:00 pm --
16:00:02  ₹329.85   FAST_UPnL: 0   State: RED
→ ENTRY SHORT @ ₹329.85

-- 4:00:00 pm --
17:00:01  ₹329.95   FAST_UPnL: -100   State: RED

-- 5:00:00 pm --
18:00:14  ₹330.60   FAST_UPnL: -750   State: RED

-- 6:00:00 pm --
19:00:05  ₹330.55   FAST_UPnL: -700   State: GREY
→ FAST SHORT EXIT (FAST_REVERSAL) @ 330.55   PnL: -700
→ EXIT (FAST_REVERSAL) @ ₹330.55  PnL: ₹-700

-- 7:00:00 pm --
20:00:09  ₹329.30   FAST_UPnL: 0   State: GREY

-- 8:00:00 pm --
21:00:15  ₹328.75   FAST_UPnL: 0   State: GREY

-- 9:00:00 pm --
22:00:30  ₹328.60   FAST_UPnL: 0   State: RED
→ ENTRY SHORT @ ₹328.60

=== EOD SHUTDOWN ===
Time    : 8/4/2026, 11:00:00 pm
Reason  : End of Day Risk Control

→ FAST SHORT EXIT (EOD_FORCE) @ 328.60   PnL: 0
FAST SHORT → EOD_FORCE | PnL: -3050

-- 10:00:00 pm --
23:00:12  ₹328.50   FAST_UPnL: 100   State: RED

=== SESSION SUMMARY ===
Duration : 905 minutes
PnL      : -3050
Positions: Saved to Database
Status   : Shutdown Complete

Zinc Engine Shutdown Complete.
[dotenv@17.2.3] injecting env (4) from .env -- tip: ⚙️  load multiple .env files with { path: ['.env.local', '.env'] }

=== TAlgo-X NATGAS STARTING ===
Time    : 9/4/2026, 7:58:11 am
Symbols : NATGASMINI26APRFUT / NATGAS26APRFUT
Mode    : Paper Trading

[DB] Positions table ready (with swingExtreme)
[WS] Connected
[Startup] Waiting until 8:45 AM... (47 minutes left)
[dotenv@17.2.3] injecting env (4) from .env -- tip: 🔑 add access controls to secrets: https://dotenvx.com/ops

=== TAlgo-X NATGAS STARTING ===
Time    : 9/4/2026, 7:58:24 am
Symbols : NATGASMINI26APRFUT / NATGAS26APRFUT
Mode    : Paper Trading

[DB] Positions table ready (with swingExtreme)
[WS] Connected
[Startup] Waiting until 8:45 AM... (47 minutes left)

-- 7:00:00 am --
[WARMUP] 1/20
[Startup] 8:45 AM reached → Starting preload
[Startup] Preloading historical candles now...
[PRELOAD] Fetching historical 1H candles for NatGas...
[DB] No open SLOW position found - starting fresh
[PRELOAD] Loaded 100 candles | Ready: true

=== SESSION STARTED ===
Time    : 9/4/2026, 8:45:00 am
Status  : Ready for Market Open (Paper Trading)

TG error: 

-- 8:00:00 am --
9:00:00 am 254.60 | SLOW: 0 | Color: GREY

-- 9:00:00 am --
10:00:00 am 255.30 | SLOW: 0 | Color: GREY

-- 10:00:00 am --
11:00:01 am 255.60 | SLOW: 0 | Color: GREY

-- 11:00:00 am --
12:00:00 pm 255.90 | SLOW: 0 | Color: GREY

-- 12:00:00 pm --
1:00:00 pm 256.20 | SLOW: 0 | Color: GREY

-- 1:00:00 pm --
2:00:00 pm 256.80 | SLOW: 0 | Color: GREY

-- 2:00:00 pm --
3:00:00 pm 256.00 | SLOW: 0 | Color: GREY

-- 3:00:00 pm --
4:00:00 pm 256.80 | SLOW: 0 | Color: GREY

-- 4:00:00 pm --
5:00:01 pm 256.80 | SLOW: 0 | Color: GREY

-- 5:00:00 pm --
6:00:01 pm 254.90 | SLOW: 0 | Color: GREY

-- 6:00:00 pm --
7:00:00 pm 256.10 | SLOW: 0 | Color: GREY

-- 7:00:00 pm --
8:00:00 pm 254.70 | SLOW: 0 | Color: GREY

-- 8:00:00 pm --
9:00:00 pm 253.80 | SLOW: 0 | Color: GREY

-- 9:00:00 pm --
10:00:00 pm 250.90 | SLOW: 0 | Color: GREY

-- 10:00:00 pm --
11:00:00 pm 251.10 | SLOW: 0 | Color: GREY

=== EOD SHUTDOWN ===
Time     : 9/4/2026, 11:00:00 pm
Reason   : End of Day Risk Control


=== SESSION SUMMARY ===
Duration : 902 minutes
SLOW PnL : 0
FAST PnL : 0
Total    : 0
Positions: Saved to Database
Status   : Shutdown Complete

TAlgo-X Shutdown
[dotenv@17.2.3] injecting env (4) from .env -- tip: ⚙️  specify custom .env file path with { path: '/custom/path/.env' }

=== TAlgo-X NATGAS STARTING ===
Time    : 10/4/2026, 7:09:42 am
Symbols : NATGASMINI26APRFUT / NATGAS26APRFUT
Mode    : Paper Trading

[DB] Positions table ready (with swingExtreme)
[WS] Connected
[Startup] Waiting until 8:45 AM... (95 minutes left)
[dotenv@17.2.3] injecting env (4) from .env -- tip: ⚙️  write to custom object with { processEnv: myObject }

=== TAlgo-X NATGAS STARTING ===
Time    : 10/4/2026, 7:30:33 am
Symbols : NATGASMINI26APRFUT / NATGAS26APRFUT
Mode    : Paper Trading

[DB] Zinc Positions table ready
[WS] Connected
[Startup] Waiting until 8:45 AM... (74 minutes left)
[dotenv@17.2.3] injecting env (4) from .env -- tip: ⚙️  enable debug logging with { debug: true }

=== TAlgo-X ZINC STARTING ===
Time    : 10/4/2026, 7:40:49 am
Symbol  : undefined
Mode    : Paper Trading

[DB] Zinc Positions table ready
[WS] Connected
[Startup] Waiting until 8:45 AM... (64 minutes left)
[dotenv@17.2.3] injecting env (4) from .env -- tip: ⚙️  write to custom object with { processEnv: myObject }

=== TAlgo-X ZINC STARTING ===
Time    : 10/4/2026, 7:43:35 am
Symbol  : undefined
Mode    : Paper Trading

[DB] Zinc Positions table ready
[WS] Connected
[Startup] Waiting until 8:45 AM... (61 minutes left)
[dotenv@17.2.3] injecting env (4) from .env -- tip: 🔐 prevent building .env in docker: https://dotenvx.com/prebuild

=== TAlgo-X ZINC STARTING ===
Time    : 10/4/2026, 7:44:09 am
Symbol  : ZINCMINIAPRFUT
Mode    : Paper Trading

[DB] Zinc Positions table ready
[WS] Connected
[Startup] Waiting until 8:45 AM... (61 minutes left)
[Startup] 8:45 AM reached → Starting preload
[Startup] Preloading historical candles now...
[PRELOAD] Fetching historical 1H candles for Zinc...

=== SESSION STARTED ===
Time    : 10/4/2026, 8:45:00 am
Status  : Ready for Market Open (Paper Trading)

[dotenv@17.2.3] injecting env (4) from .env -- tip: 📡 add observability to secrets: https://dotenvx.com/ops

=== TAlgo-X ZINC STARTING ===
Time    : 21/4/2026, 8:13:30 am
Symbol  : ZINCMINIAPRFUT
Mode    : Paper Trading

[DB] Zinc Positions table ready
[WS] Connected
[Startup] Waiting until 8:45 AM... (31 minutes left)
[Startup] 8:45 AM reached → Starting preload
[Startup] Preloading historical candles now...
[PRELOAD] Fetching historical 1H candles for Zinc...

=== SESSION STARTED ===
Time    : 21/4/2026, 8:45:00 am
Status  : Ready for Market Open (Paper Trading)

[dotenv@17.2.3] injecting env (4) from .env -- tip: ⚙️  specify custom .env file path with { path: '/custom/path/.env' }

=== TAlgo-X ZINC STARTING ===
Time    : 21/4/2026, 7:46:05 pm
Symbol  : ZINCMINIAPRFUT
Mode    : Paper Trading

[DB] Zinc Positions table ready
[WS] Connected
[Startup] Already past 8:45 → Starting preload
[Startup] Preloading historical candles now...
[PRELOAD] Fetching historical 1H candles for Zinc...

=== SESSION STARTED ===
Time    : 21/4/2026, 7:46:05 pm
Status  : Ready for Market Open (Paper Trading)

[dotenv@17.2.3] injecting env (4) from .env -- tip: 🔐 prevent building .env in docker: https://dotenvx.com/prebuild

=== TAlgo-X ZINC STARTING ===
Time    : 26/4/2026, 3:22:13 pm
Symbol  : ZINCMINIAPRFUT
Mode    : Paper Trading

DB  Zinc positions table ready
[WS] Market closed (403) - Normal outside trading hours
[WS] Closed
[WS] Reconnect attempt #1
[WS] Market closed (403) - Normal outside trading hours
[WS] Closed
[WS] Reconnect attempt #2
[WS] Market closed (403) - Normal outside trading hours
[WS] Closed
[WS] Reconnect attempt #3
[WS] Market closed (403) - Normal outside trading hours
[WS] Closed
[WS] Reconnect attempt #4
[WS] Market closed (403) - Normal outside trading hours
[WS] Closed
[WS] Reconnect attempt #5
[WS] Market closed (403) - Normal outside trading hours
[WS] Closed
[WS] Reconnect attempt #6
[dotenv@17.2.3] injecting env (4) from .env -- tip: ✅ audit secrets and track compliance: https://dotenvx.com/ops

=== TAlgo-X ZINC STARTING ===
Time    : 26/4/2026, 10:15:28 pm
Symbol  : ZINC26MAYFUT
Mode    : Paper Trading

DB  Zinc positions table ready
[WS] Market closed (403) - Normal outside trading hours
[WS] Closed
[WS] Reconnect attempt #1
[WS] Market closed (403) - Normal outside trading hours
[WS] Closed
[WS] Reconnect attempt #2
[WS] Market closed (403) - Normal outside trading hours
[WS] Closed
[WS] Reconnect attempt #3
[WS] Market closed (403) - Normal outside trading hours
[WS] Closed
[WS] Reconnect attempt #4
[WS] Market closed (403) - Normal outside trading hours
[WS] Closed
[WS] Reconnect attempt #5
[dotenv@17.2.3] injecting env (4) from .env -- tip: ⚙️  load multiple .env files with { path: ['.env.local', '.env'] }
TAlgo-X Zinc  26/4/2026, 10:21:02 pm  ZINC26MAYFUT  paper
DB  Zinc positions table ready
WS  market closed 403
WS  closed
WS  reconnect #1
WS  market closed 403
WS  closed
WS  reconnect #2
WS  market closed 403
WS  closed
WS  reconnect #3
WS  market closed 403
WS  closed
WS  reconnect #4
WS  market closed 403
WS  closed
WS  reconnect #5
[dotenv@17.2.3] injecting env (4) from .env -- tip: ✅ audit secrets and track compliance: https://dotenvx.com/ops
TAlgo-X Zinc  26/4/2026, 10:32:29 pm  ZINC26MAYFUT  paper
DB  Zinc positions table ready
WS  market closed 403
WS  closed
WS  reconnect #1
WS  market closed 403
WS  closed
WS  reconnect #2
WS  market closed 403
WS  closed
WS  reconnect #3
WS  market closed 403
WS  closed
WS  reconnect #4
WS  market closed 403
WS  closed
WS  reconnect #5
WS  market closed 403
WS  closed
WS  reconnect #6
[dotenv@17.2.3] injecting env (4) from .env -- tip: ✅ audit secrets and track compliance: https://dotenvx.com/ops
TAlgo-X Zinc  27/4/2026, 7:28:54 am  ZINC26MAYFUT  paper
DB  Zinc positions table ready
WS  connected
waiting until 8:45  76 min
WARMUP  1/14
8:45 reached  starting preload
preloading candles...
PRELOAD  fetching 1H candles...
DB  no open position — starting fresh
PRELOAD  loaded 100 candles
session started  27/4/2026, 8:45:00 am
09:00:01  349.45  GREY   F:FLAT       0  LOW
BIG CANDLE  entry blocked 2 candles
10:00:02  352.65  GREEN  F:FLAT       0  CHAOS
11:00:16  352.70  GREEN  F:FLAT       0  LOW
12:00:16  352.05  GREEN  F:FLAT       0  NORMAL
13:00:06  352.65  GREEN  F:FLAT       0  NORMAL
14:00:02  352.00  GREEN  F:FLAT       0  NORMAL
15:00:01  352.45  GREEN  F:FLAT       0  LOW
16:00:02  352.15  GREEN  F:FLAT       0  LOW
BIG CANDLE  entry blocked 2 candles
17:00:16  350.45  GREEN  F:FLAT       0  CHAOS
18:00:16  351.00  GREY   F:FLAT       0  NORMAL
19:00:01  349.65  RED    F:FLAT       0  NORMAL
FAST SHORT PROBATION @ 349.65
20:00:08  348.00  RED    F:FLAT       0  NORMAL
21:00:02  347.25  RED    F:FLAT       0  NORMAL
22:00:16  346.50  RED    F:FLAT       0  NORMAL
EOD shutdown  27/4/2026, 11:00:00 pm
23:00:01  346.50  RED    F:FLAT       0  LOW
session summary  duration 946m  pnl 0
shutdown complete
[dotenv@17.2.3] injecting env (4) from .env -- tip: 🔐 prevent building .env in docker: https://dotenvx.com/prebuild
TAlgo-X Zinc  28/4/2026, 8:02:05 am  ZINC26MAYFUT  paper
DB  Zinc positions table ready
WS  connected
waiting until 8:45  43 min
8:45 reached  starting preload
preloading candles...
PRELOAD  fetching 1H candles...
DB  no open position — starting fresh
PRELOAD  loaded 100 candles
session started  28/4/2026, 8:45:00 am
09:00:00  346.30  RED    F:FLAT       0  LOW
FAST SHORT PROBATION @ 346.30
BIG CANDLE  entry blocked 1 candles
10:00:00  342.30  RED    F:FLAT       0  CHAOS
11:00:04  342.40  RED    F:FLAT       0  LOW
FAST SHORT ENTRY (confirmed) @ 342.40
12:00:05  342.60  RED    F:SHORT -  200  LOW
[dotenv@17.2.3] injecting env (4) from .env -- tip: 🗂️ backup and recover secrets: https://dotenvx.com/ops
TAlgo-X Zinc  28/4/2026, 12:25:52 pm  ZINC26MAYFUT  paper
DB  opened: /home/ubuntu/zn/talgo.db
DB  positions table ready
WS  connected
DB  struct_state table ready
INIT  no struct in DB  regime arms on first slow cross
INIT  FAST flat  entry -
past 8:45  starting preload
preloading candles...
PRELOAD  fetching 1H candles...
DB  no open position — starting fresh
PRELOAD  loaded 100 candles
session started  28/4/2026, 12:25:52 pm
13:00:04  342.45  GREY   F:FLAT       0
Regime seeded  SHORT  ref open
14:00:02  343.00  GREY   F:FLAT       0
[dotenv@17.2.3] injecting env (4) from .env -- tip: ⚙️  write to custom object with { processEnv: myObject }
TAlgo-X Zinc  28/4/2026, 2:50:15 pm  ZINC26MAYFUT  paper
DB  opened: /home/ubuntu/zn/talgo.db
DB  positions table ready
DB  struct_state table ready
WS  connected
INIT  struct restored  regime -1  swingLow null  swingHigh null
INIT  FAST flat  entry -
past 8:45  starting preload
preloading candles...
PRELOAD  fetching 15min candles...
PRELOAD  loaded 300 × 15min candles
session started  28/4/2026, 2:50:16 pm
15:00:13   342.70  GREY   F:FLAT        0
[dotenv@17.2.3] injecting env (4) from .env -- tip: 🔐 prevent committing .env to code: https://dotenvx.com/precommit
TAlgo-X Zinc  28/4/2026, 3:03:22 pm  ZINC26MAYFUT  paper
DB  opened: /home/ubuntu/zn/talgo.db
DB  positions table ready
DB  engine_state table ready
WS  connected
INIT  no state in DB — regime seeds on first candle
INIT  FAST flat  entry -
past 8:45  starting preload
preloading candles...
PRELOAD  fetching 15min candles...
PRELOAD  loaded 300 × 15min candles
session started  28/4/2026, 3:03:22 pm
15:15:00   342.60  GREY   F:FLAT        0
INIT  regime seeded  SHORT
15:30:14   342.45  RED    F:FLAT        0
FAST SHORT ENTRY @ 342.45  exitRef none
15:45:00   343.00  GREY   F:SHORT -  2750
CROSS ABOVE  long regime @ 343.00
16:00:31   342.95  GREY   F:SHORT -  2500
16:15:00   343.25  GREY   F:SHORT -  4000
16:30:11   342.35  GREY   F:SHORT     500
CROSS BELOW  short regime @ 342.35
[dotenv@17.2.3] injecting env (4) from .env -- tip: 🔐 prevent building .env in docker: https://dotenvx.com/prebuild
TAlgo-X Zinc  28/4/2026, 4:38:44 pm  ZINC26MAYFUT  paper
DB  opened: /home/ubuntu/zn/talgo.db
DB  positions table ready
WS  connected
DB  engine_state table ready
INIT  no state in DB — regime seeds on first candle
INIT  FAST flat  entry -
past 8:45  starting preload
preloading candles...
PRELOAD  fetching 15min candles...
PRELOAD  loaded 300 × 15min candles
session started  28/4/2026, 4:38:44 pm
16:45:03   342.25  GREY   F:FLAT        0
INIT  regime seeded  SHORT
17:00:02   342.40  GREY   F:FLAT        0
17:15:00   341.60  GREY   F:FLAT        0
17:30:01   340.80  GREY   F:FLAT        0
17:45:10   341.50  GREY   F:FLAT        0
18:00:02   341.55  GREY   F:FLAT        0
18:15:09   342.00  GREY   F:FLAT        0
18:30:05   341.90  GREY   F:FLAT        0
18:45:06   341.80  GREY   F:FLAT        0
19:00:05   341.90  GREY   F:FLAT        0
CROSS ABOVE  long regime @ 341.90
19:15:01   342.00  GREY   F:FLAT        0
19:30:05   341.95  GREY   F:FLAT        0
19:45:01   342.00  GREY   F:FLAT        0
20:00:02   342.25  GREY   F:FLAT        0
20:15:01   342.70  GREY   F:FLAT        0
20:30:00   342.50  GREY   F:FLAT        0
20:45:09   342.20  GREY   F:FLAT        0
21:00:16   342.15  GREY   F:FLAT        0
21:15:00   342.05  GREY   F:FLAT        0
CROSS BELOW  short regime @ 342.05
21:30:04   342.35  GREY   F:FLAT        0
CROSS ABOVE  long regime @ 342.35
21:45:09   342.10  GREY   F:FLAT        0
CROSS BELOW  short regime @ 342.10
TG error: 
22:00:16   342.05  GREY   F:FLAT        0
22:15:09   342.00  GREY   F:FLAT        0
22:30:00   342.35  GREY   F:FLAT        0
CROSS ABOVE  long regime @ 342.35
22:45:09   342.25  GREY   F:FLAT        0
23:00:00   342.05  GREY   F:FLAT        0
CROSS BELOW  short regime @ 342.05
EOD shutdown  28/4/2026, 11:00:14 pm
23:15:01   342.05  GREY   F:FLAT        0
session summary  duration 397m  pnl 0
shutdown complete
[dotenv@17.2.3] injecting env (4) from .env -- tip: ⚙️  specify custom .env file path with { path: '/custom/path/.env' }
TAlgo-X Zinc  29/4/2026, 7:26:35 am  ZINC26MAYFUT  paper
DB  opened: /home/ubuntu/zn/talgo.db
DB  positions table ready
DB  engine_state table ready
WS  connected
INIT  regime -1  shortExit null  longExit null
INIT  FAST flat  entry -
waiting until 8:45  78 min
WARMUP  1/31
WARMUP  2/31
WARMUP  3/31
WARMUP  4/31
WARMUP  5/31
8:45 reached  starting preload
preloading candles...
PRELOAD  fetching 15min candles...
PRELOAD  loaded 300 × 15min candles
session started  29/4/2026, 8:45:00 am
09:00:01   341.80  GREY   F:FLAT        0
09:15:09   343.15  GREY   F:FLAT        0
CROSS ABOVE  long regime @ 343.15
09:30:03   343.10  GREY   F:FLAT        0
09:45:03   343.25  GREEN  F:FLAT        0
FAST LONG ENTRY @ 343.25  exitRef none
10:00:11   343.25  GREEN  F:LONG        0
10:15:05   343.45  GREEN  F:LONG     1000
10:30:08   343.30  GREY   F:LONG      250
10:45:09   343.50  GREY   F:LONG     1250
11:00:02   343.80  GREY   F:LONG     2750
11:15:01   344.05  GREY   F:LONG     4000
11:30:00   344.05  GREY   F:LONG     4000
11:45:00   343.70  GREY   F:LONG     2250
12:00:03   343.60  GREY   F:LONG     1750
12:15:02   343.65  GREY   F:LONG     2000
12:30:01   343.70  GREY   F:LONG     2250
12:45:01   343.15  GREY   F:LONG  -   500
CROSS BELOW  short regime @ 343.15
13:00:02   343.00  GREY   F:LONG  -  1250
13:15:01   343.95  GREY   F:LONG     3500
CROSS ABOVE  long regime @ 343.95
13:30:01   343.70  GREY   F:LONG     2250
13:45:06   343.90  GREY   F:LONG     3250
14:00:08   343.00  GREY   F:LONG  -  1250
CROSS BELOW  short regime @ 343.00
14:15:02   342.00  GREY   F:LONG  -  6250
14:30:01   341.55  RED    F:LONG  -  8500
FAST LONG EXIT (STATE_FLIP) @ 341.55   PnL: -8500
FAST SHORT ENTRY @ 341.55  exitRef none
14:45:18   341.50  RED    F:SHORT     250
15:00:02   341.30  RED    F:SHORT    1250
15:15:05   341.35  RED    F:SHORT    1000
15:30:01   340.50  GREY   F:SHORT    5250
15:45:04   341.00  GREY   F:SHORT    2750
16:00:10   341.10  GREY   F:SHORT    2250
16:15:05   341.05  GREY   F:SHORT    2500
16:30:01   341.15  GREY   F:SHORT    2000
16:45:02   340.85  GREY   F:SHORT    3500
17:00:06   341.10  GREY   F:SHORT    2250
17:15:21   341.40  GREY   F:SHORT     750
CROSS ABOVE  long regime @ 341.40
17:30:09   340.65  GREY   F:SHORT    4500
CROSS BELOW  short regime @ 340.65
17:45:04   340.80  GREY   F:SHORT    3750
18:00:03   340.50  GREY   F:SHORT    5250
18:15:09   339.90  GREY   F:SHORT    8250
18:30:04   340.05  GREY   F:SHORT    7500
18:45:11   339.20  GREY   F:SHORT   11750
19:00:12   339.35  GREY   F:SHORT   11000
19:15:02   338.55  RED    F:SHORT   15000
19:30:03   339.00  RED    F:SHORT   12750
19:45:03   338.80  GREY   F:SHORT   13750
20:00:03   338.60  GREY   F:SHORT   14750
20:15:12   339.40  GREY   F:SHORT   10750
20:30:03   339.40  GREY   F:SHORT   10750
20:45:05   339.00  GREY   F:SHORT   12750
21:00:09   339.00  GREY   F:SHORT   12750
21:15:26   338.80  GREY   F:SHORT   13750
21:30:02   339.00  GREY   F:SHORT   12750
21:45:03   339.00  GREY   F:SHORT   12750
22:00:17   339.25  GREY   F:SHORT   11500
CROSS ABOVE  long regime @ 339.25
22:15:10   339.15  GREY   F:SHORT   12000
22:30:17   339.15  GREY   F:SHORT   12000
22:45:15   338.80  GREY   F:SHORT   13750
CROSS BELOW  short regime @ 338.80
EOD shutdown  29/4/2026, 11:00:00 pm
FAST SHORT EXIT (EOD_FORCE) @ 338.80   PnL: 13750
23:00:17   338.85  GREY   F:FLAT        0
session summary  duration 948m  pnl 5250
23:15:01   339.50  GREY   F:FLAT        0
CROSS ABOVE  long regime @ 339.50
shutdown complete
[dotenv@17.2.3] injecting env (4) from .env -- tip: ⚙️  specify custom .env file path with { path: '/custom/path/.env' }
TAlgo-X Zinc  30/4/2026, 8:08:25 am  ZINC26MAYFUT  paper
DB  opened: /home/ubuntu/zn/talgo.db
DB  positions table ready
DB  engine_state table ready
WS  connected
INIT  regime 1  shortExit null  longExit null
INIT  FAST flat  entry -
waiting until 8:45  37 min
WARMUP  1/31
WARMUP  2/31
8:45 reached  starting preload
preloading candles...
PRELOAD  fetching 15min candles...
PRELOAD  loaded 300 × 15min candles
session started  30/4/2026, 8:45:00 am
09:00:00   339.35  GREY   F:FLAT        0
09:15:03   340.30  GREY   F:FLAT        0
09:30:00   340.10  GREEN  F:FLAT        0
FAST LONG ENTRY @ 340.10  exitRef none
09:45:00   339.70  GREY   F:LONG  -  2000
10:00:18   339.10  GREY   F:LONG  -  5000
CROSS BELOW  short regime @ 339.10
10:15:01   339.00  GREY   F:LONG  -  5500
10:30:07   339.45  GREY   F:LONG  -  3250
10:45:07   340.15  GREY   F:LONG      250
CROSS ABOVE  long regime @ 340.15
11:00:01   340.00  GREY   F:LONG  -   500
11:15:00   339.95  GREY   F:LONG  -   750
11:30:02   339.70  GREY   F:LONG  -  2000
11:45:01   339.10  GREY   F:LONG  -  5000
CROSS BELOW  short regime @ 339.10
12:00:01   339.30  GREY   F:LONG  -  4000
12:15:14   340.10  GREY   F:LONG        0
CROSS ABOVE  long regime @ 340.10
12:30:02   340.10  GREY   F:LONG        0
12:45:00   341.15  GREY   F:LONG     5250
13:00:01   340.30  GREY   F:LONG     1000
13:15:27   341.00  GREY   F:LONG     4500
13:30:05   341.20  GREY   F:LONG     5500
13:45:22   342.00  GREY   F:LONG     9500
14:00:05   342.75  GREEN  F:LONG    13250
14:15:36   342.75  GREEN  F:LONG    13250
14:30:05   342.15  GREEN  F:LONG    10250
14:45:15   342.50  GREY   F:LONG    12000
15:00:02   342.50  GREY   F:LONG    12000
15:15:00   342.70  GREY   F:LONG    13000
15:30:04   342.55  GREY   F:LONG    12250
15:45:00   342.95  GREY   F:LONG    14250
16:00:08   342.50  GREY   F:LONG    12000
16:15:08   342.05  GREY   F:LONG     9750
CROSS BELOW  short regime @ 342.05
16:30:02   341.65  GREY   F:LONG     7750
16:45:04   342.40  GREY   F:LONG    11500
CROSS ABOVE  long regime @ 342.40
17:00:01   343.05  GREY   F:LONG    14750
17:15:03   341.60  GREY   F:LONG     7500
CROSS BELOW  short regime @ 341.60
17:30:00   343.60  GREY   F:LONG    17500
CROSS ABOVE  long regime @ 343.60
17:45:00   343.50  GREY   F:LONG    17000
18:00:04   343.55  GREY   F:LONG    17250
18:15:00   343.05  GREY   F:LONG    14750
18:30:05   343.45  GREY   F:LONG    16750
18:45:03   342.95  GREY   F:LONG    14250
19:00:01   342.50  GREY   F:LONG    12000
CROSS BELOW  short regime @ 342.50
19:15:00   342.05  GREY   F:LONG     9750
19:30:27   342.10  GREY   F:LONG    10000
19:45:05   342.20  GREY   F:LONG    10500
20:00:04   342.30  GREY   F:LONG    11000
20:15:00   342.05  GREY   F:LONG     9750
20:30:01   342.55  GREY   F:LONG    12250
20:45:00   343.20  GREY   F:LONG    15500
CROSS ABOVE  long regime @ 343.20
21:00:18   343.05  GREY   F:LONG    14750
21:15:01   343.40  GREY   F:LONG    16500
21:30:31   343.10  GREY   F:LONG    15000
21:45:06   343.50  GREY   F:LONG    17000
22:00:01   343.35  GREY   F:LONG    16250
22:15:10   343.45  GREY   F:LONG    16750
22:30:00   343.30  GREY   F:LONG    16000
22:45:04   343.55  GREY   F:LONG    17250
EOD shutdown  30/4/2026, 11:00:00 pm
FAST LONG EXIT (EOD_FORCE) @ 343.55   PnL: 17250
23:00:03   343.70  GREY   F:FLAT        0
23:15:00   343.55  GREY   F:FLAT        0
session summary  duration 907m  pnl 17250
shutdown complete
[dotenv@17.2.3] injecting env (4) from .env -- tip: 🔐 encrypt with Dotenvx: https://dotenvx.com
--- starting ---
INIT  F:-  R:↑  sExit:-  lExit:-
waiting until 8:45  15 min
[dotenv@17.2.3] injecting env (4) from .env -- tip: ⚙️  specify custom .env file path with { path: '/custom/path/.env' }
--- starting ---
INIT  F:-  R:↑  sExit:-  lExit:-
waiting until 8:45  11 min
PRELOAD  loaded 300 × 15min candles
08:45:00 Zinc  F:-
TAlgo-X Zinc  1/5/2026, 9:23:52 am  ZINC26MAYFUT  paper
DB  opened: /home/ubuntu/zn/talgo.db
DB  positions table ready
DB  engine_state table ready
WS  connected
INIT  F:-  R:↑  sExit:-  lExit:-
past 8:45  starting preload
preloading candles...
PRELOAD  fetching 15min candles...
PRELOAD  loaded 300 × 15min candles
session started  1/5/2026, 9:23:52 am
TAlgo-X Zinc  1/5/2026, 8:44:43 pm  ZINC26MAYFUT  paper
DB  opened: /home/ubuntu/zn/talgo.db
DB  positions table ready
DB  engine_state table ready
WS  connected
INIT  F:-  R:↑  sExit:-  lExit:-
past 8:45  starting preload
preloading candles...
PRELOAD  fetching 15min candles...
PRELOAD  loaded 300 × 15min candles
session started  1/5/2026, 8:44:43 pm
20:45:05   344.60  GREY   F:FLAT        0
21:00:01   344.75  GREY   F:FLAT        0
21:15:01   344.60  GREY   F:FLAT        0
21:30:02   344.05  GREY   F:FLAT        0
21:45:02   343.95  GREY   F:FLAT        0
22:00:02   343.60  GREY   F:FLAT        0
22:15:08   343.35  GREY   F:FLAT        0
22:30:02   343.50  GREY   F:FLAT        0
22:45:01   344.25  GREY   F:FLAT        0
23:00:07   343.80  GREY   F:FLAT        0
EOD shutdown  1/5/2026, 11:00:14 pm
23:15:02   343.50  GREY   F:FLAT        0
session summary  duration 151m  pnl 0
shutdown complete
--- starting ---
INIT  F:-  R:-  sExit:-  lExit:-
PRELOAD  loaded 300 × 15min candles
--- starting ---
INIT  F:-  R:-  sExit:-  lExit:-
PRELOAD  loaded 300 × 15min candles
--- starting Zinc engine ---
INIT  F:-  R:-  sExit:-  lExit:-  RE:-
PRELOAD  loaded 300 × 15min candles
09:10:26 Zinc  F:-
09:15:00 348.50 GREEN F:-     0
FAST LONG ENTRY @ 348.50  exitRef none
09:30:09 348.90 GREEN F:↑  2000
09:45:01 348.90 GREEN F:↑  2000
10:00:05 348.90 GREEN F:↑  2000
10:15:00 348.75 GREY F:↑  1250
10:30:00 348.95 GREY F:↑  2250
10:45:01 348.85 GREY F:↑  1750
11:00:05 348.80 GREY F:↑  1500
11:15:00 348.95 GREY F:↑  2250
11:30:08 349.15 GREY F:↑  3250
11:45:17 348.90 GREY F:↑  2000
12:00:18 349.10 GREY F:↑  3000
12:15:18 349.30 GREY F:↑  4000
12:30:02 348.55 GREY F:↑   250
FAST LONG EXIT (GIVEBACK) @ 348.55   PnL: 250
12:45:02 348.25 GREY F:-     0 RE(0)
REENTRY check  LONG  dir:false brk:false imp:false reg:true  age:1
13:00:03 348.25 GREY F:-     0 RE(1)
REENTRY check  LONG  dir:false brk:false imp:false reg:true  age:2
13:15:00 348.40 GREY F:-     0 RE(2)
REENTRY check  LONG  dir:false brk:false imp:true reg:true  age:3
13:30:03 348.40 GREY F:-     0 RE(3)
REENTRY check  LONG  dir:false brk:false imp:true reg:true  age:4
13:45:05 347.90 GREY F:-     0 RE(4)
REENTRY check  LONG  dir:false brk:false imp:false reg:true  age:5
14:00:00 348.30 GREY F:-     0 RE(5)
REENTRY check  LONG  dir:false brk:false imp:false reg:true  age:6
14:15:00 348.15 GREY F:-     0 RE(6)
REENTRY check  LONG  dir:false brk:false imp:true reg:true  age:7
14:30:00 347.90 GREY F:-     0 RE(7)
REENTRY check  LONG  dir:false brk:false imp:false reg:true  age:8
14:45:00 347.80 GREY F:-     0 RE(8)
REENTRY_FAILED  timeout  LONG
15:00:01 348.50 GREY F:-     0 CD(4)
15:15:03 348.00 GREY F:-     0 CD(3)
15:30:03 348.05 GREY F:-     0 CD(2)
15:45:03 348.10 GREY F:-     0 CD(1)
16:00:02 348.35 GREY F:-     0
16:15:08 348.00 GREY F:-     0
16:30:00 347.60 GREY F:-     0
16:45:24 347.65 GREY F:-     0
17:00:29 347.65 GREY F:-     0
17:15:14 347.50 GREY F:-     0
17:30:01 346.65 GREY F:-     0
17:45:01 346.95 GREY F:-     0
18:00:06 346.00 GREY F:-     0
18:15:31 346.00 RED  F:-     0
FAST SHORT BLOCKED  regime  price 346.00
REENTRY armed  SHORT  ref 346.00
REENTRY check  SHORT  dir:true brk:false imp:true reg:false  age:1
18:30:01 346.00 RED  F:-     0 RE(1)
REENTRY check  SHORT  dir:true brk:false imp:false reg:false  age:2
18:45:09 345.70 GREY F:-     0 RE(2)
REENTRY check  SHORT  dir:true brk:false imp:true reg:false  age:3
19:00:01 346.30 GREY F:-     0 RE(3)
REENTRY check  SHORT  dir:true brk:false imp:false reg:false  age:4
19:15:00 346.45 GREY F:-     0 RE(4)
REENTRY check  SHORT  dir:false brk:false imp:false reg:false  age:5
19:30:01 345.75 GREY F:-     0 RE(5)
REENTRY check  SHORT  dir:false brk:false imp:true reg:false  age:6
19:45:00 345.85 GREY F:-     0 RE(6)
REENTRY check  SHORT  dir:true brk:false imp:true reg:false  age:7
20:00:10 345.60 GREY F:-     0 RE(7)
REENTRY check  SHORT  dir:true brk:true imp:true reg:false  age:8
20:15:00 345.15 GREY F:-     0 RE(8)
REENTRY_FAILED  timeout  SHORT
20:30:04 345.35 GREY F:-     0 CD(4)
20:45:03 345.15 GREY F:-     0 CD(3)
21:00:00 345.20 GREY F:-     0 CD(2)
21:15:32 345.85 GREY F:-     0 CD(1)
21:30:12 345.95 GREY F:-     0
--- starting Zinc engine ---
INIT  F:-  R:↑  sExit:-  lExit:-  RE:-


21:41:09 Zinc  F:-


21:45:20 345.90 GREY F:-     0
--- starting Zinc engine ---
INIT  F:-  R:↑  sExit:-  lExit:-  RE:-

21:45:30 Zinc  F:-


--- starting Zinc engine ---
INIT  F:-  R:↑  sExit:-  lExit:-  RE:-

21:47:55 Zinc  F:-


6/5/2026, 21:50:33
--- starting Zinc engine ---
INIT  F:-  R:↑  sExit:-  lExit:-  RE:-

21:50:33 Zinc  F:-

22:00:12 346.20 GREY F:-     0
22:15:05 346.35 GREY F:-     0
22:30:08 346.30 GREY F:-     0
22:45:03 346.80 GREY F:-     0
23:00:00 346.75 GREY F:-     0
EOD shutdown  6/5/2026, 11:00:03 pm
23:15:01 346.65 GREY F:-     0
session summary  duration 85m  pnl 0
shutdown complete

7/5/2026, 08:45:07
--- starting Zinc engine ---
INIT  F:-  R:↑  sExit:-  lExit:-  RE:-

08:45:07 Zinc  F:-

09:00:01 346.55 GREY F:-     0
09:15:13 346.55 GREY F:-     0
09:30:07 346.70 GREY F:-     0
09:45:00 346.60 GREY F:-     0
10:00:02 346.55 GREY F:-     0
10:15:00 346.60 GREY F:-     0
10:30:09 346.75 GREY F:-     0
10:45:04 347.45 GREY F:-     0
11:00:02 347.60 GREEN F:-     0
FAST LONG ENTRY @ 347.60  exitRef none
11:15:04 348.20 GREEN F:↑  3000
11:30:01 347.85 GREEN F:↑  1250
FAST LONG EXIT (GIVEBACK) @ 347.85   PnL: 1250
11:45:02 348.00 GREEN F:-     0 RE(0)
REENTRY check  LONG  dir:true brk:false imp:false reg:true  age:1
12:00:05 347.95 GREY F:-     0 RE(1)
REENTRY check  LONG  dir:true brk:false imp:true reg:true  age:2
12:15:01 348.70 GREY F:-     0 RE(2)
REENTRY check  LONG  dir:true brk:true imp:true reg:true  age:3
FAST LONG REENTRY @ 348.70
12:30:01 348.45 GREY F:↑ - 1250
FAST LONG EXIT (QUICKLOSS) @ 348.45   PnL: -1250
12:45:00 348.50 GREY F:-     0 CD(4)
13:00:18 348.00 GREY F:-     0 CD(3)
13:15:01 347.75 GREY F:-     0 CD(2)
13:30:01 347.70 GREY F:-     0 CD(1)
13:45:02 348.40 GREY F:-     0
14:00:09 348.00 GREY F:-     0
14:15:20 347.25 GREY F:-     0
14:30:04 346.60 GREY F:-     0
14:45:00 346.60 RED  F:-     0
FAST SHORT BLOCKED  regime  price 346.60
REENTRY armed  SHORT  ref 346.60
REENTRY check  SHORT  dir:true brk:false imp:true reg:false  age:1
15:00:16 346.45 RED  F:-     0 RE(1)
REENTRY check  SHORT  dir:true brk:false imp:true reg:false  age:2
15:15:06 346.65 GREY F:-     0 RE(2)
REENTRY check  SHORT  dir:true brk:false imp:false reg:false  age:3
15:30:01 347.15 GREY F:-     0 RE(3)
REENTRY check  SHORT  dir:true brk:false imp:false reg:false  age:4
15:45:08 346.70 GREY F:-     0 RE(4)
REENTRY check  SHORT  dir:false brk:false imp:false reg:false  age:5
16:00:17 347.00 GREY F:-     0 RE(5)
REENTRY check  SHORT  dir:false brk:false imp:true reg:false  age:6
16:15:00 347.40 GREY F:-     0 RE(6)
REENTRY check  SHORT  dir:false brk:false imp:false reg:false  age:7
16:30:01 347.35 GREY F:-     0 RE(7)
REENTRY check  SHORT  dir:false brk:false imp:false reg:false  age:8
16:45:01 347.40 GREY F:-     0 RE(8)
REENTRY_FAILED  timeout  SHORT
17:00:04 347.45 GREY F:-     0 CD(4)
17:15:04 348.00 GREY F:-     0 CD(3)
17:30:19 347.65 GREY F:-     0 CD(2)
17:45:03 348.15 GREY F:-     0 CD(1)
18:00:03 348.10 GREY F:-     0
18:15:04 348.30 GREY F:-     0
18:30:01 348.15 GREY F:-     0
18:45:00 347.90 GREY F:-     0
19:00:04 348.50 GREY F:-     0
19:15:36 348.00 GREY F:-     0
19:30:19 348.35 GREY F:-     0
19:45:00 348.15 GREY F:-     0
20:00:17 348.15 GREY F:-     0
20:15:12 348.40 GREY F:-     0
20:30:01 348.60 GREY F:-     0
20:45:01 348.25 GREY F:-     0
21:00:05 347.80 GREY F:-     0
21:15:01 348.50 GREY F:-     0
21:30:04 348.30 GREY F:-     0
21:45:00 347.60 GREY F:-     0
22:00:00 347.80 GREY F:-     0
22:15:01 347.70 GREY F:-     0
22:30:14 347.80 GREY F:-     0
22:45:00 347.70 GREY F:-     0
23:00:05 347.70 GREY F:-     0
EOD shutdown  7/5/2026, 11:00:08 pm
23:15:01 347.65 GREY F:-     0
session summary  duration 870m  pnl 0
shutdown complete

8/5/2026, 07:03:29
--- starting Zinc engine ---
INIT  F:-  R:↑  sExit:-  lExit:-  RE:-
waiting until 8:45  102 min
WARMUP  1/31
WARMUP  2/31
WARMUP  3/31
WARMUP  4/31
WARMUP  5/31
WARMUP  6/31

08:45:00 Zinc  F:-

09:00:00 346.75 GREY F:-     0
09:15:00 348.70 GREY F:-     0
09:30:31 348.40 GREY F:-     0
09:45:07 348.55 GREY F:-     0
10:00:05 348.60 GREEN F:-     0
FAST LONG ENTRY @ 348.60  exitRef none
10:15:04 348.35 GREY F:↑ - 1250
10:30:11 348.55 GREY F:↑ -  250
10:45:12 348.45 GREY F:↑ -  750
11:00:03 348.60 GREY F:↑     0
11:15:02 349.00 GREY F:↑  2000
11:30:01 349.20 GREY F:↑  3000
11:45:06 349.00 GREY F:↑  2000
12:00:05 349.30 GREY F:↑  3500
12:15:00 349.65 GREY F:↑  5250
12:30:00 349.35 GREY F:↑  3750
12:45:04 348.95 GREY F:↑  1750
FAST LONG EXIT (GIVEBACK) @ 348.95   PnL: 1750
13:00:03 349.10 GREY F:-     0 RE(0)
REENTRY check  LONG  dir:false brk:false imp:false reg:true  age:1
13:15:05 349.25 GREY F:-     0 RE(1)
REENTRY check  LONG  dir:false brk:true imp:true reg:true  age:2
13:30:02 348.65 GREY F:-     0 RE(2)
REENTRY check  LONG  dir:false brk:false imp:false reg:true  age:3
13:45:01 348.90 GREY F:-     0 RE(3)
REENTRY check  LONG  dir:false brk:false imp:false reg:true  age:4
14:00:12 348.70 GREY F:-     0 RE(4)
REENTRY check  LONG  dir:false brk:false imp:true reg:true  age:5
14:15:00 347.75 GREY F:-     0 RE(5)
REENTRY check  LONG  dir:false brk:false imp:false reg:true  age:6
14:30:15 348.05 RED  F:-     0 RE(6)
FAST SHORT BLOCKED  regime  price 348.05
REENTRY_FAILED  opposite signal  LONG
14:45:01 348.40 GREY F:-     0 CD(4)
15:00:03 348.50 GREY F:-     0 CD(3)
15:15:35 348.05 GREY F:-     0 CD(2)
15:30:09 348.25 GREY F:-     0 CD(1)
15:45:02 348.45 GREY F:-     0
16:00:14 348.25 GREY F:-     0
16:15:14 348.00 GREY F:-     0
16:30:17 348.00 GREY F:-     0
16:45:37 348.15 GREY F:-     0
17:00:10 348.00 GREY F:-     0
17:15:11 347.90 GREY F:-     0
17:30:13 348.05 GREY F:-     0
17:45:20 348.00 GREY F:-     0
18:00:10 348.25 GREY F:-     0
18:15:00 348.80 GREY F:-     0
18:30:01 348.45 GREY F:-     0
18:45:00 348.20 GREY F:-     0
19:00:02 348.40 GREY F:-     0
19:15:03 348.85 GREY F:-     0
19:30:00 348.70 GREY F:-     0
19:45:13 348.20 GREY F:-     0
20:00:07 348.10 GREY F:-     0
20:15:12 348.20 GREY F:-     0
20:30:04 348.05 GREY F:-     0
20:45:04 348.05 GREY F:-     0
21:00:01 347.80 GREY F:-     0
21:15:21 347.95 GREY F:-     0
21:30:03 347.80 GREY F:-     0
21:45:10 347.85 GREY F:-     0
22:00:01 347.85 GREY F:-     0
22:15:09 347.55 GREY F:-     0
22:30:01 347.65 GREY F:-     0
22:45:20 347.60 GREY F:-     0
EOD shutdown  8/5/2026, 11:00:00 pm
23:00:01 347.90 GREY F:-     0
session summary  duration 972m  pnl 1750
shutdown complete

11/5/2026, 07:16:43
--- starting Zinc engine ---
INIT  F:-  R:↑  sExit:-  lExit:-  RE:-
waiting until 8:45  88 min
WS  reconnect #1
WS  closed
WS  reconnect #2
INIT  F:-  R:↑  sExit:-  lExit:-  RE:-
waiting until 8:45  76 min
WARMUP  1/31
WARMUP  2/31
WARMUP  3/31
WARMUP  4/31
WARMUP  5/31

08:45:00 Zinc  F:-


08:45:00 Zinc  F:-

09:00:03 348.20 GREEN F:-     0
FAST LONG ENTRY @ 348.20  exitRef none
09:15:02 349.25 GREEN F:↑  5250
09:30:05 349.15 GREEN F:↑  4750
09:45:02 349.00 GREEN F:↑  4000
10:00:08 349.35 GREEN F:↑  5750
10:15:04 349.10 GREY F:↑  4500
10:30:02 349.30 GREY F:↑  5500
10:45:07 349.20 GREY F:↑  5000
11:00:00 349.30 GREY F:↑  5500
11:15:03 349.00 GREY F:↑  4000
11:30:03 348.80 GREY F:↑  3000
FAST LONG EXIT (GIVEBACK) @ 348.80   PnL: 3000
11:45:09 349.05 GREY F:-     0 RE(0)
REENTRY check  LONG  dir:false brk:true imp:true reg:true  age:1
12:00:08 348.90 GREY F:-     0 RE(1)
REENTRY check  LONG  dir:false brk:false imp:true reg:true  age:2
12:15:02 349.00 GREY F:-     0 RE(2)
REENTRY check  LONG  dir:false brk:false imp:false reg:true  age:3
12:30:00 348.70 GREY F:-     0 RE(3)
REENTRY check  LONG  dir:false brk:false imp:false reg:true  age:4
12:45:27 348.75 GREY F:-     0 RE(4)
REENTRY check  LONG  dir:false brk:false imp:false reg:true  age:5
13:00:08 348.65 GREY F:-     0 RE(5)
REENTRY check  LONG  dir:false brk:false imp:false reg:true  age:6
13:15:28 348.85 GREY F:-     0 RE(6)
REENTRY check  LONG  dir:false brk:false imp:true reg:true  age:7
13:30:04 349.00 GREY F:-     0 RE(7)
REENTRY check  LONG  dir:true brk:true imp:true reg:true  age:8
FAST LONG REENTRY @ 349.00
13:45:04 349.00 GREY F:↑     0
14:00:08 349.25 GREY F:↑  1250
14:15:28 349.30 GREY F:↑  1500
14:30:01 349.60 GREY F:↑  3000
14:45:00 350.40 GREEN F:↑  7000
15:00:02 350.35 GREEN F:↑  6750
15:15:28 350.60 GREEN F:↑  8000
15:30:06 350.50 GREEN F:↑  7500
15:45:28 350.60 GREY F:↑  8000
16:00:05 350.50 GREY F:↑  7500
16:15:00 350.65 GREY F:↑  8250
16:30:01 350.55 GREY F:↑  7750
16:45:14 350.75 GREY F:↑  8750
17:00:07 350.75 GREY F:↑  8750
17:15:02 350.80 GREY F:↑  9000
17:30:01 351.00 GREY F:↑ 10000
17:45:03 350.20 GREY F:↑  6000
FAST LONG EXIT (GIVEBACK) @ 350.20   PnL: 6000
18:00:03 350.55 GREY F:-     0 RE(0)
REENTRY check  LONG  dir:false brk:true imp:false reg:true  age:1
18:15:04 350.80 GREY F:-     0 RE(1)
REENTRY check  LONG  dir:false brk:true imp:true reg:true  age:2
18:30:01 350.85 GREY F:-     0 RE(2)
REENTRY check  LONG  dir:true brk:true imp:true reg:true  age:3
FAST LONG REENTRY @ 350.85
18:45:01 353.20 GREEN F:↑ 11750
19:00:00 353.05 GREEN F:↑ 11000
19:15:02 353.30 GREEN F:↑ 12250
19:30:03 353.20 GREEN F:↑ 11750
19:45:03 354.60 GREEN F:↑ 18750
20:00:07 354.20 GREY F:↑ 16750
20:15:02 354.00 GREY F:↑ 15750
20:30:14 353.75 GREY F:↑ 14500
20:45:07 354.20 GREY F:↑ 16750
21:00:00 354.50 GREY F:↑ 18250
21:15:04 355.50 GREY F:↑ 23250
21:30:08 355.40 GREY F:↑ 22750
21:45:09 355.55 GREY F:↑ 23500
22:00:18 355.45 GREY F:↑ 23000
22:15:02 354.85 GREY F:↑ 20000
22:30:00 355.15 GREY F:↑ 21500
22:45:01 355.15 GREY F:↑ 21500
EOD shutdown  11/5/2026, 11:00:01 pm
FAST LONG EXIT (EOD_FORCE) @ 355.15   PnL: 21500
23:00:09 355.90 GREY F:-     0
session summary  duration 958m  pnl 30500
23:15:01 355.85 GREY F:-     0
shutdown complete

12/5/2026, 08:39:59
--- starting Zinc engine ---
INIT  F:-  R:↑  sExit:-  lExit:-  RE:-
waiting until 8:45  5 min

08:45:00 Zinc  F:-

09:00:02 355.85 GREY F:-     0
09:15:10 357.65 GREY F:-     0
09:30:09 357.40 GREEN F:-     0
FAST LONG ENTRY @ 357.40  exitRef none
09:45:00 357.25 GREEN F:↑ -  750
10:00:02 358.35 GREEN F:↑  4750
10:15:19 358.20 GREY F:↑  4000
10:30:00 358.05 GREY F:↑  3250
